LSW Test Data
